// Vitest Snapshot v1, https://vitest.dev/guide/snapshot.html

exports[`PrimaryButton > renders the default state consistently (snapshot) 1`] = `"<button class="inline-flex items-center rounded-ds-md border border-transparent bg-brand px-4 py-2 text-xs font-semibold uppercase tracking-widest text-white shadow-ds-1 transition duration-base ease-in-out hover:opacity-90 focus:opacity-90 focus:outline-none focus:ring-2 focus:ring-brand focus:ring-offset-2 active:scale-[0.98] disabled:opacity-50 disabled:cursor-not-allowed">Save</button>"`;
